<testsuites name="jest tests" tests="4" failures="0" time="0.903">
  <testsuite name="undefined" errors="0" failures="0" skipped="0" timestamp="2021-04-19T20:59:03" time="0.903" tests="4">
    <testcase classname=" initial UI is rendered as expected" name=" initial UI is rendered as expected" time="0.022">
    </testcase>
    <testcase classname=" inital value is set via props" name=" inital value is set via props" time="0.008">
    </testcase>
    <testcase classname=" timer stops at 0" name=" timer stops at 0" time="0.003">
    </testcase>
    <testcase classname=" stop timer button stops the timer" name=" stop timer button stops the timer" time="0.006">
    </testcase>
  </testsuite>
</testsuites>